2026-06-19 14:49:40.425917: I tensorflow/core/util/port.cc:153] oneDNN custom operations are on. You may see slightly different numerical results due to floating-point round-off errors from different computation orders. To turn them off, set the environment variable `TF_ENABLE_ONEDNN_OPTS=0`.
2026-06-19 14:49:44.846242: I tensorflow/core/platform/cpu_feature_guard.cc:210] This TensorFlow binary is optimized to use available CPU instructions in performance-critical operations.
To enable the following instructions: AVX2 AVX512F AVX512_VNNI AVX512_BF16 AVX512_FP16 AVX_VNNI AMX_TILE AMX_INT8 AMX_BF16 FMA, in other operations, rebuild TensorFlow with the appropriate compiler flags.
Behavior map: {'click': 0, 'collect': 1, 'cart': 2, 'alipay': 3}
Rebalancing: user_drop  (training split only, target_pv_ratio=0.8, seed=42)

Phase 1: Reading interaction logs...
  Reading tianchi_2014002_rec_tmall_log_parta.txt ...
    Rows so far: 370,450,743
  Reading tianchi_2014002_rec_tmall_log_partb.txt ...
    Rows so far: 740,726,167
  Reading tianchi_2014002_rec_tmall_log_partc.txt ...
    Rows so far: 1,097,552,816
Total rows loaded: 1,097,552,816  (skipped malformed: 0)

Behavior distribution over loaded interactions:
  id=0 pv (click)    :  1,028,805,285  ( 93.74%)
  id=1 fav (collect) :     26,906,894  (  2.45%)
  id=2 cart          :     32,020,732  (  2.92%)
  id=3 buy (alipay)  :      9,819,905  (  0.89%)

  Skipped unknown-behavior rows: 0
  (all behavior strings recognised — BEHAVIOR_MAP is correct)

Phase 2: Sorting by (user_id, timestamp)...
  Done.

Phase 3: Grouping users and writing TFRecord files...

[rebalance] training natural pv ratio p0 = 0.9377  (target t = 0.800)
[rebalance] user_drop: dropped 5,938,775 pv-dominated training users; training pv ratio now ~0.8000 over 44,719,321 interactions (664,043 training users kept).

Done!
  Users — train: 664,043  val: 83,005  test: 83,005  skipped (len not in [5, 200]): 1,513,002
  Rebalance (user_drop) — dropped 5,938,775 pv-dominated training users
  Val/test proportional subsample (natural distribution kept) — val dropped: 743,329  test dropped: 743,308
  Split user ratio now ~ 0.80 : 0.10 : 0.10  (train 664,043 / val 83,005 / test 83,005)
  Files — train: 133  val: 17  test: 17
  Output: /scratch/yw8866/rec-tmall/tfrecords_mb_userdrop

==============================================================
Behavior ratio AFTER transformation (written interactions)
==============================================================

  GLOBAL  (total written interactions: 56,014,063)
    id=0 pv (click)    :     46,363,691  ( 82.77%)
    id=1 fav (collect) :      3,621,839  (  6.47%)
    id=2 cart          :      4,408,159  (  7.87%)
    id=3 buy (alipay)  :      1,620,374  (  2.89%)

  [training]  (total: 44,719,321)
    id=0 pv (click)    :     35,775,454  ( 80.00%)
    id=1 fav (collect) :      3,367,591  (  7.53%)
    id=2 cart          :      4,074,989  (  9.11%)
    id=3 buy (alipay)  :      1,501,287  (  3.36%)

  [evaluation]  (total: 5,642,461)
    id=0 pv (click)    :      5,290,083  ( 93.75%)
    id=1 fav (collect) :        126,586  (  2.24%)
    id=2 cart          :        166,149  (  2.94%)
    id=3 buy (alipay)  :         59,643  (  1.06%)

  [testing]  (total: 5,652,281)
    id=0 pv (click)    :      5,298,154  ( 93.73%)
    id=1 fav (collect) :        127,662  (  2.26%)
    id=2 cart          :        167,021  (  2.95%)
    id=3 buy (alipay)  :         59,444  (  1.05%)
==============================================================
