
Loading SIDs from: /scratch/yw8866/logs/inference/runs/2026-05-06/1024_2048/pickle/merged_predictions.pkl
Loaded 5,409,793 items  |  3 SID levels per item  |  codebook_widths=[1024, 2048, 2048]

============================================================
1. ACTIVE RATIO TEST  (index collapse detection)
============================================================
  Level 0: 1024/1024 codes active  (100.0%)  ✓
  Level 1: 2040/2048 codes active  (99.6%)  ✓
  Level 2: 2040/2048 codes active  (99.6%)  ✓

============================================================
2. COLLISION RATE TEST
============================================================
  Total items:             5,409,793
  Unique SID tuples:       3,741,093
  Collision rate:             44.65%
  SID tuples w/ collisions:  746,690
  Items in any collision:  2,415,390  (44.65%)
  Largest collision group: 344 items share the same SID
  Top-5 collision sizes:   [344, 306, 294, 274, 254]
  Collision size distribution (size: count):
    2 items sharing same SID: 449,147 groups
    3 items sharing same SID: 140,870 groups
    4 items sharing same SID: 60,400 groups
    5 items sharing same SID: 31,489 groups
    6 items sharing same SID: 18,380 groups
    7 items sharing same SID: 11,755 groups
    8 items sharing same SID: 7,737 groups
    9 items sharing same SID: 5,369 groups
    10 items sharing same SID: 3,807 groups
    11 items sharing same SID: 2,968 groups

============================================================
3. CODEBOOK ENTROPY  (distribution uniformity)
============================================================
  Level 0: entropy=9.903 bits  max=10.000  efficiency=99.0%  ✓
  Level 1: entropy=10.446 bits  max=11.000  efficiency=95.0%  ✓
  Level 2: entropy=10.363 bits  max=11.000  efficiency=94.2%  ✓

============================================================
4. SID COVERAGE
============================================================
  Num levels:               3
  Codebook widths:          [1024, 2048, 2048]
  Theoretical capacity:            4,294,967,296
  Items:                               5,409,793
  Unique SIDs used:                    3,741,093
  Uniqueness (unique/items): 0.6915
  Capacity utilisation:      8.71e-04

============================================================
5. LEVEL INDEPENDENCE  (inter-level correlation)
============================================================
  Level 0 vs Level 1: identical code rate = 0.06%  ✓ independent
  Level 0 vs Level 2: identical code rate = 0.04%  ✓ independent
  Level 1 vs Level 2: identical code rate = 0.05%  ✓ independent

============================================================
6. ITEM INTEGRITY CHECK  (duplicate item IDs)
============================================================
  Total entries:             5,409,793
  Unique item IDs:           5,409,793
  Items with multiple SIDs: ✓ none

============================================================
CONVERTING TO .pt TENSOR
============================================================
  Items loaded:          5,409,793
  max_item_id:           8,133,507
  num_hierarchies:       3
  Tensor shape (before T): (8133508, 3)
  Saved: /scratch/yw8866/logs/inference/runs/2026-05-06/1024_2048/pickle/semantic_ids.pt
  Final shape: (3, 8133508)  (186.2 MB)

============================================================
VERIFICATION COMPLETE
semantic_ids.pt written to: /scratch/yw8866/logs/inference/runs/2026-05-06/1024_2048/pickle/semantic_ids.pt
============================================================
