
Loading SIDs from: /scratch/yw8866/logs/inference/runs/2026-04-28/v0/pickle/merged_predictions.pkl
Loaded 5,409,793 items  |  3 SID levels per item  |  codebook_width=1024

============================================================
1. ACTIVE RATIO TEST  (index collapse detection)
============================================================
  Level 0: 1024/1024 codes active  (100.0%)  ✓
  Level 1: 1024/1024 codes active  (100.0%)  ✓
  Level 2: 1024/1024 codes active  (100.0%)  ✓

============================================================
2. COLLISION RATE TEST
============================================================
  Total items:             5,409,793
  Unique SID tuples:       3,944,917
  Collision rate:             41.31%
  SID tuples w/ collisions:  770,046
  Items in any collision:  2,234,922  (41.31%)
  Largest collision group: 376 items share the same SID
  Top-5 collision sizes:   [376, 271, 270, 225, 206]
  Collision size distribution (size: count):
    2 items sharing same SID: 493,543 groups
    3 items sharing same SID: 144,023 groups
    4 items sharing same SID: 57,530 groups
    5 items sharing same SID: 27,894 groups
    6 items sharing same SID: 15,085 groups
    7 items sharing same SID: 9,046 groups
    8 items sharing same SID: 5,812 groups
    9 items sharing same SID: 3,887 groups
    10 items sharing same SID: 2,856 groups
    11 items sharing same SID: 2,025 groups

============================================================
3. CODEBOOK ENTROPY  (distribution uniformity)
============================================================
  Max theoretical entropy: 10.000 bits  (uniform distribution)
  Level 0: entropy=9.910 bits  efficiency=99.1%  ✓
  Level 1: entropy=9.835 bits  efficiency=98.4%  ✓
  Level 2: entropy=9.787 bits  efficiency=97.9%  ✓

============================================================
4. SID COVERAGE
============================================================
  Num levels:               3
  Codebook width:           1024
  Theoretical capacity:            1,073,741,824
  Items:                               5,409,793
  Unique SIDs used:                    3,944,917
  Uniqueness (unique/items): 0.7292
  Capacity utilisation:      3.67e-03

============================================================
5. LEVEL INDEPENDENCE  (inter-level correlation)
============================================================
  Level 0 vs Level 1: identical code rate = 0.08%  ✓ independent
  Level 0 vs Level 2: identical code rate = 0.09%  ✓ independent
  Level 1 vs Level 2: identical code rate = 0.09%  ✓ independent

============================================================
6. ITEM INTEGRITY CHECK  (duplicate item IDs)
============================================================
  Total entries:             5,409,793
  Unique item IDs:           5,409,793
  Items with multiple SIDs: ✓ none

============================================================
CONVERTING TO .pt TENSOR
============================================================
  Items loaded:          5,409,793
  max_item_id:           8,133,507
  num_hierarchies:       3
  Tensor shape (before T): (8133508, 3)
  Saved: /scratch/yw8866/logs/inference/runs/2026-04-28/v0/pickle/semantic_ids.pt
  Final shape: (3, 8133508)  (186.2 MB)

============================================================
VERIFICATION COMPLETE
semantic_ids.pt written to: /scratch/yw8866/logs/inference/runs/2026-04-28/v0/pickle/semantic_ids.pt
============================================================
