
Loading SIDs from: /scratch/yw8866/logs/inference/runs/2026-04-27/1024_v1/pickle/merged_predictions.pkl
Loaded 5,409,793 items  |  3 SID levels per item  |  codebook_width=1024

============================================================
1. ACTIVE RATIO TEST  (index collapse detection)
============================================================
  Level 0:  219/1024 codes active  (21.4%)  ⚠ POSSIBLE COLLAPSE
  Level 1:   21/1024 codes active  (2.1%)  ⚠ POSSIBLE COLLAPSE
  Level 2:  123/1024 codes active  (12.0%)  ⚠ POSSIBLE COLLAPSE

============================================================
2. COLLISION RATE TEST
============================================================
  Total items:             5,409,793
  Unique SID tuples:          53,559
  Collision rate:             99.81%
  SID tuples w/ collisions:   43,218
  Items in any collision:  5,399,452  (99.81%)
  Largest collision group: 20478 items share the same SID
  Top-5 collision sizes:   [20478, 19574, 19423, 18633, 15111]
  Collision size distribution (size: count):
    2 items sharing same SID: 5,069 groups
    3 items sharing same SID: 3,356 groups
    4 items sharing same SID: 2,448 groups
    5 items sharing same SID: 1,927 groups
    6 items sharing same SID: 1,597 groups
    7 items sharing same SID: 1,314 groups
    8 items sharing same SID: 1,216 groups
    9 items sharing same SID: 1,034 groups
    10 items sharing same SID: 866 groups
    11 items sharing same SID: 811 groups

============================================================
3. CODEBOOK ENTROPY  (distribution uniformity)
============================================================
  Max theoretical entropy: 10.000 bits  (uniform distribution)
  Level 0: entropy=5.228 bits  efficiency=52.3%  ⚠ LOW
  Level 1: entropy=3.359 bits  efficiency=33.6%  ⚠ LOW
  Level 2: entropy=5.698 bits  efficiency=57.0%  ⚠ LOW

============================================================
4. SID COVERAGE
============================================================
  Num levels:               3
  Codebook width:           1024
  Theoretical capacity:            1,073,741,824
  Items:                               5,409,793
  Unique SIDs used:                       53,559
  Uniqueness (unique/items): 0.0099
  Capacity utilisation:      4.99e-05

============================================================
5. LEVEL INDEPENDENCE  (inter-level correlation)
============================================================
  Level 0 vs Level 1: identical code rate = 0.00%  ✓ independent
  Level 0 vs Level 2: identical code rate = 0.06%  ✓ independent
  Level 1 vs Level 2: identical code rate = 0.13%  ✓ independent

============================================================
6. ITEM INTEGRITY CHECK  (duplicate item IDs)
============================================================
  Total entries:             5,409,793
  Unique item IDs:           5,409,793
  Items with multiple SIDs: ✓ none

============================================================
VERIFICATION COMPLETE
============================================================
