
Loading SIDs from: /scratch/yw8866/logs/inference/runs/2026-04-29/tiger_1024/pickle/merged_predictions.pkl
Loaded 5,409,793 items  |  3 SID levels per item  |  codebook_width=1024

============================================================
1. ACTIVE RATIO TEST  (index collapse detection)
============================================================
  Level 0: 1024/1024 codes active  (100.0%)  ✓
  Level 1: 1021/1024 codes active  (99.7%)  ✓
  Level 2: 1012/1024 codes active  (98.8%)  ✓

============================================================
2. COLLISION RATE TEST
============================================================
  Total items:             5,409,793
  Unique SID tuples:       4,474,988
  Collision rate:             28.09%
  SID tuples w/ collisions:  584,568
  Items in any collision:  1,519,373  (28.09%)
  Largest collision group: 327 items share the same SID
  Top-5 collision sizes:   [327, 108, 86, 85, 84]
  Collision size distribution (size: count):
    2 items sharing same SID: 418,097 groups
    3 items sharing same SID: 97,005 groups
    4 items sharing same SID: 33,854 groups
    5 items sharing same SID: 14,676 groups
    6 items sharing same SID: 7,554 groups
    7 items sharing same SID: 4,278 groups
    8 items sharing same SID: 2,565 groups
    9 items sharing same SID: 1,713 groups
    10 items sharing same SID: 1,179 groups
    11 items sharing same SID: 748 groups

============================================================
3. CODEBOOK ENTROPY  (distribution uniformity)
============================================================
  Max theoretical entropy: 10.000 bits  (uniform distribution)
  Level 0: entropy=9.898 bits  efficiency=99.0%  ✓
  Level 1: entropy=9.760 bits  efficiency=97.6%  ✓
  Level 2: entropy=9.219 bits  efficiency=92.2%  ✓

============================================================
4. SID COVERAGE
============================================================
  Num levels:               3
  Codebook width:           1024
  Theoretical capacity:            1,073,741,824
  Items:                               5,409,793
  Unique SIDs used:                    4,474,988
  Uniqueness (unique/items): 0.8272
  Capacity utilisation:      4.17e-03

============================================================
5. LEVEL INDEPENDENCE  (inter-level correlation)
============================================================
  Level 0 vs Level 1: identical code rate = 0.10%  ✓ independent
  Level 0 vs Level 2: identical code rate = 0.09%  ✓ independent
  Level 1 vs Level 2: identical code rate = 0.11%  ✓ independent

============================================================
6. ITEM INTEGRITY CHECK  (duplicate item IDs)
============================================================
  Total entries:             5,409,793
  Unique item IDs:           5,409,793
  Items with multiple SIDs: ✓ none

============================================================
VERIFICATION COMPLETE
============================================================
