
Loading SIDs from: /scratch/yw8866/logs/inference/runs/2026-04-27/14-32-43/pickle/merged_predictions.pkl
Loaded 5,409,793 items  |  3 SID levels per item  |  codebook_width=1024

============================================================
1. ACTIVE RATIO TEST  (index collapse detection)
============================================================
  Level 0: 1024/1024 codes active  (100.0%)  ✓
  Level 1: 1024/1024 codes active  (100.0%)  ✓
  Level 2: 1024/1024 codes active  (100.0%)  ✓

============================================================
2. COLLISION RATE TEST
============================================================
  Total items:             5,409,793
  Unique SID tuples:         925,555
  Collision rate:             92.67%
  SID tuples w/ collisions:  529,271
  Items in any collision:  5,013,509  (92.67%)
  Largest collision group: 1966 items share the same SID
  Top-5 collision sizes:   [1966, 1562, 1447, 1380, 1222]
  Collision size distribution (size: count):
    2 items sharing same SID: 151,597 groups
    3 items sharing same SID: 83,285 groups
    4 items sharing same SID: 53,310 groups
    5 items sharing same SID: 37,690 groups
    6 items sharing same SID: 28,573 groups
    7 items sharing same SID: 21,792 groups
    8 items sharing same SID: 17,453 groups
    9 items sharing same SID: 14,399 groups
    10 items sharing same SID: 11,814 groups
    11 items sharing same SID: 10,065 groups

============================================================
3. CODEBOOK ENTROPY  (distribution uniformity)
============================================================
  Max theoretical entropy: 10.000 bits  (uniform distribution)
  Level 0: entropy=9.939 bits  efficiency=99.4%  ✓
  Level 1: entropy=9.880 bits  efficiency=98.8%  ✓
  Level 2: entropy=9.819 bits  efficiency=98.2%  ✓

============================================================
4. SID COVERAGE
============================================================
  Num levels:               3
  Codebook width:           1024
  Theoretical capacity:            1,073,741,824
  Items:                               5,409,793
  Unique SIDs used:                      925,555
  Uniqueness (unique/items): 0.1711
  Capacity utilisation:      8.62e-04

============================================================
5. LEVEL INDEPENDENCE  (inter-level correlation)
============================================================
  Level 0 vs Level 1: identical code rate = 0.09%  ✓ independent
  Level 0 vs Level 2: identical code rate = 0.10%  ✓ independent
  Level 1 vs Level 2: identical code rate = 0.11%  ✓ independent

============================================================
6. ITEM INTEGRITY CHECK  (duplicate item IDs)
============================================================
  Total entries:             5,409,793
  Unique item IDs:           5,409,793
  Items with multiple SIDs: ✓ none

============================================================
VERIFICATION COMPLETE
============================================================
